==== 2026-08-19T19:44Z repo=4d94a97 mruby=524586c ====
harness: wrk -t6 -c512 -d10s transport=unix WM_BUNDLE=default 7.1.8-1-default x86_64
     50%  530.00us
     99%  662.00us
Requests/sec: 940634.43
==== 2026-08-19T19:44Z repo=4d94a97 mruby=524586c ====
harness: wrk -t1 -c32 -d10s transport=unix WM_BUNDLE=default 7.1.8-1-default x86_64
     50%   48.00us
     99%   82.00us
Requests/sec: 333468.02
==== 2026-08-19T19:45Z repo=4d94a97 mruby=524586c ====
harness: wrk -t2 -c64 -d10s transport=unix WM_BUNDLE=default 7.1.8-1-default x86_64
     50%   48.00us
     99%   95.00us
Requests/sec: 660750.66
==== 2026-08-19T19:45Z repo=4d94a97 mruby=524586c ====
harness: wrk -t4 -c128 -d10s transport=unix WM_BUNDLE=default 7.1.8-1-default x86_64
    Req/Sec   239.21k     5.46k  251.59k    71.50%
     50%  125.00us
     99%  191.00us
Requests/sec: 948788.10
==== 2026-08-19T19:45Z repo=4d94a97 mruby=524586c ====
harness: wrk -t6 -c256 -d10s transport=unix WM_BUNDLE=default 7.1.8-1-default x86_64
     50%  260.00us
     99%  309.00us
Requests/sec: 935388.77
==== 2026-08-19T19:46Z repo=4d94a97 mruby=524586c ====
harness: wrk -t8 -c512 -d10s transport=unix WM_BUNDLE=default 7.1.8-1-default x86_64
    Req/Sec   117.16k     7.37k  318.43k    99.50%
     50%  544.00us
     99%  667.00us
Requests/sec: 924576.91
==== 2026-08-19T19:46Z repo=4d94a97 mruby=524586c ====
harness: wrk -t8 -c32 -d10s transport=unix WM_BUNDLE=default 7.1.8-1-default x86_64
     50%   32.00us
     99%   47.00us
Requests/sec: 919695.34
==== 2026-08-19T19:46Z repo=4d94a97 mruby=524586c ====
harness: wrk -t8 -c64 -d10s transport=unix WM_BUNDLE=default 7.1.8-1-default x86_64
     50%   73.00us
     99%   93.00us
Requests/sec: 919619.78
==== 2026-08-19T19:46Z repo=4d94a97 mruby=524586c ====
harness: wrk -t8 -c128 -d10s transport=unix WM_BUNDLE=default 7.1.8-1-default x86_64
     50%  132.00us
     99%  176.00us
Requests/sec: 917102.84
==== 2026-08-19T19:47Z repo=4d94a97 mruby=524586c ====
harness: wrk -t6 -c128 -d10s transport=unix WM_BUNDLE=default 7.1.8-1-default x86_64
     50%  127.00us
     99%  154.00us
Requests/sec: 938645.98
==== 2026-08-19T19:47Z repo=4d94a97 mruby=524586c ====
harness: wrk -t6 -c64 -d10s transport=unix WM_BUNDLE=default 7.1.8-1-default x86_64
     50%   62.00us
     99%   77.00us
Requests/sec: 948125.24
==== 2026-08-19T20:12Z repo=4d94a97 mruby=524586c ====
harness: wrk -t4 -c128 -d10s transport=unix WM_BUNDLE=default 7.1.8-1-default x86_64
     50%  125.00us
     99%  174.00us
Requests/sec: 955595.01
