==== 2026-08-19T19:58Z repo=4d94a97 mruby=524586c ====
harness: wrk -t3 -c128 -d10s transport=unix WM_BUNDLE=default 6.18.39+rpt-rpi-2712 aarch64
     50%    0.00us
     99%    0.00us
Requests/sec:      0.00
==== 2026-08-19T20:07Z repo=4946997 mruby=524586c ====
harness: wrk -t3 -c128 -d10s transport=unix WM_BUNDLE=default 6.18.39+rpt-rpi-2712 aarch64
     50%  157.00us
     99%  178.00us
Requests/sec: 751196.48
==== 2026-08-19T20:07Z repo=4946997 mruby=524586c ====
harness: wrk -t2 -c128 -d10s transport=unix WM_BUNDLE=default 6.18.39+rpt-rpi-2712 aarch64
     50%   91.00us
     99%  183.00us
Requests/sec: 690052.84
==== 2026-08-19T20:08Z repo=4946997 mruby=524586c ====
harness: wrk -t4 -c128 -d10s transport=unix WM_BUNDLE=default 6.18.39+rpt-rpi-2712 aarch64
     50%  149.00us
     99%  283.00us
Requests/sec: 745618.96
==== 2026-08-19T20:08Z repo=4946997 mruby=524586c ====
harness: wrk -t1 -c128 -d10s transport=unix WM_BUNDLE=default 6.18.39+rpt-rpi-2712 aarch64
     50%  177.00us
     99%  187.00us
Requests/sec: 360270.05
==== 2026-08-19T20:54Z repo=ab67e3b mruby=524586c ====
harness: wrk -t1 -c128 -d10s impl=uring transport=unix WM_BUNDLE=default 6.18.39+rpt-rpi-2712 aarch64
     50%  181.00us
     99%  193.00us
Requests/sec: 351658.97
==== 2026-08-19T20:54Z repo=ab67e3b mruby=524586c ====
harness: wrk -t3 -c128 -d10s impl=uring transport=unix WM_BUNDLE=default 6.18.39+rpt-rpi-2712 aarch64
     50%  168.00us
     99%  195.00us
Requests/sec: 704792.87
