webmachine.hpp: 877 unanchored comments, was 0
resource.cpp: 214 unanchored comments, was 0
http2.cpp: 160 unanchored comments, was 0
http1.cpp: 110 unanchored comments, was 0
error_assets.cpp: 103 unanchored comments, was 0
response.cpp: 79 unanchored comments, was 0
server.cpp: 53 unanchored comments, was 0
application.cpp: 45 unanchored comments, was 0
h2_wire.hpp: 33 unanchored comments, was 0
request.cpp: 26 unanchored comments, was 0
watcher.cpp: 17 unanchored comments, was 0
wsconn.cpp: 16 unanchored comments, was 0
docroot.cpp: 14 unanchored comments, was 0
assets.cpp: 13 unanchored comments, was 0
config.cpp: 12 unanchored comments, was 0
mime.cpp: 4 unanchored comments, was 0
sse.cpp: 2 unanchored comments, was 0
websocket.cpp: 1 unanchored comments, was 0
